// Jest Snapshot v1, https://goo.gl/fbAQLP

exports[`renders carousel correctly 1`] = `undefined`;
